// Jest Snapshot v1, https://goo.gl/fbAQLP

exports[`Home component should render correctly 1`] = `
<main
  aria-labelledby="page-title"
  className="Main vcard"
  id="main"
  tabIndex="-1"
>
  <SideEffect(DocumentMeta)
    canonical="https://example.test/"
    description="Short description used in tests."
    meta={
      Object {
        "name": Object {
          "twitter:card": "summary_large_image",
          "twitter:description": "Short description used in tests.",
          "twitter:image": "https://example.test/social.png",
          "twitter:title": "Test Name | Test Subtitle",
        },
        "property": Object {
          "og:description": "Short description used in tests.",
          "og:image": "https://example.test/social.png",
          "og:site_name": "Test Name | Test Subtitle",
          "og:title": "Test Name | Test Subtitle",
          "og:type": "website",
          "og:url": "https://example.test/",
        },
      }
    }
    title="Test Name | Test Subtitle"
  />
  <section>
    <Avatar />
    <div
      dangerouslySetInnerHTML={
        Object {
          "__html": "<p>Test bio for mocks.</p>
<ul>
<li>Item one</li>
<li>Item two</li>
</ul>
",
        }
      }
    />
  </section>
</main>
`;
