// Jest Snapshot v1, https://goo.gl/fbAQLP

exports[`Head component should render correctly 1`] = `
Array [
  <meta
    charset="utf-8"
  />,
  <meta
    content="hotpink"
    name="msapplication-TileColor"
  />,
  <meta
    content="hotpink"
    name="theme-color"
  />,
  <meta
    content="width=device-width"
    name="viewport"
  />,
  <link
    href="/apple-touch-icon.png"
    rel="apple-touch-icon"
    sizes="180x180"
  />,
  <link
    href="/favicon-32x32.png"
    rel="icon"
    sizes="32x32"
    type="image/png"
  />,
  <link
    href="/favicon-16x16.png"
    rel="icon"
    sizes="16x16"
    type="image/png"
  />,
  <link
    href="/manifest.webmanifest"
    rel="manifest"
  />,
  <link
    color="hotpink"
    href="/safari-pinned-tab.svg"
    rel="mask-icon"
  />,
  <link
    href="/styles.css?v=0.0.0"
    rel="stylesheet"
  />,
]
`;
