// Jest Snapshot v1, https://goo.gl/fbAQLP

exports[`App component should render correctly 1`] = `
<div
  className="App"
>
  <Header
    subtitle=""
    title=""
  />
  <main
    class="Main"
    data={
      Object {
        "projects": Array [],
        "subtitle": "",
        "title": "",
      }
    }
  />
  <Nav
    projects={Array []}
    routes={Array []}
  />
</div>
`;
